Frame		1		2		3		4		5		6		7		8		9		10
Carl
Pitfalls		X		X		X		X		X		X		X		X		X	10	10	10	
Score		30		60		90		120		150		180		210		240		270		300	
